module Expect_test_config = struct
  include Expect_test_config

  let upon_unreleasable_issue = `Warning_for_collector_testing
end

module M (S : sig
    val output : string
  end) =
struct
  let%expect_test _ =
    print_string S.output;
    [%expect {|
      (* expect_test: Collector ran multiple times with different outputs *)
      ============================ Output 1 / 2 ============================
      foo
      ============================ Output 2 / 2 ============================
      bar |}]
  ;;
end

module A = M (struct
    let output = "foo"
  end)

module B = M (struct
    let output = "bar"
  end)
